59.110.156.126 - - [28/Oct/2022:15:40:05 +0800] "GET /index.php/login/check_out HTTP/1.0" 200 3308 "-" "Mozilla/5.0 (Windows NT 10.0; Win64; x64) AppleWebKit/537.36 (KHTML, like Gecko) Chrome/98.0.4758.102 Safari/537.36" "124.207.128.162"192.168.15.108:8008 0.026 0.032
59.110.156.126 - - [28/Oct/2022:15:40:05 +0800] "GET /static/css/style.css HTTP/1.0" 200 5949 "https://www.ljyun.com/index.php/login/check_out" "Mozilla/5.0 (Windows NT 10.0; Win64; x64) AppleWebKit/537.36 (KHTML, like Gecko) Chrome/98.0.4758.102 Safari/537.36" "124.207.128.162"192.168.15.108:8008 0.004 0.010
59.110.156.126 - - [28/Oct/2022:15:40:05 +0800] "GET /static/js/lanrentuku.js HTTP/1.0" 200 4671 "https://www.ljyun.com/index.php/login/check_out" "Mozilla/5.0 (Windows NT 10.0; Win64; x64) AppleWebKit/537.36 (KHTML, like Gecko) Chrome/98.0.4758.102 Safari/537.36" "124.207.128.162"192.168.15.108:8008 0.002 0.008
59.110.156.126 - - [28/Oct/2022:15:40:05 +0800] "GET /static/js/jquery-1.4.2.min.js HTTP/1.0" 200 72174 "https://www.ljyun.com/index.php/login/check_out" "Mozilla/5.0 (Windows NT 10.0; Win64; x64) AppleWebKit/537.36 (KHTML, like Gecko) Chrome/98.0.4758.102 Safari/537.36" "124.207.128.162"192.168.15.108:8008 0.012 0.022
59.110.156.126 - - [28/Oct/2022:15:40:05 +0800] "GET /static/js/login.js HTTP/1.0" 200 2810 "https://www.ljyun.com/index.php/login/check_out" "Mozilla/5.0 (Windows NT 10.0; Win64; x64) AppleWebKit/537.36 (KHTML, like Gecko) Chrome/98.0.4758.102 Safari/537.36" "124.207.128.162"192.168.15.108:8008 0.001 0.007
59.110.156.126 - - [28/Oct/2022:15:40:05 +0800] "GET /static/images/ljyun_login_logo.png HTTP/1.0" 200 14273 "https://www.ljyun.com/index.php/login/check_out" "Mozilla/5.0 (Windows NT 10.0; Win64; x64) AppleWebKit/537.36 (KHTML, like Gecko) Chrome/98.0.4758.102 Safari/537.36" "124.207.128.162"192.168.15.108:8008 0.003 0.008
59.110.156.126 - - [28/Oct/2022:15:40:05 +0800] "GET /static/images/ljyun_login_divider.png HTTP/1.0" 200 1233 "https://www.ljyun.com/index.php/login/check_out" "Mozilla/5.0 (Windows NT 10.0; Win64; x64) AppleWebKit/537.36 (KHTML, like Gecko) Chrome/98.0.4758.102 Safari/537.36" "124.207.128.162"192.168.15.108:8008 0.001 0.006
59.110.156.126 - - [28/Oct/2022:15:40:05 +0800] "GET /static/images/ljyun_login_btn.png HTTP/1.0" 200 2950 "https://www.ljyun.com/index.php/login/check_out" "Mozilla/5.0 (Windows NT 10.0; Win64; x64) AppleWebKit/537.36 (KHTML, like Gecko) Chrome/98.0.4758.102 Safari/537.36" "124.207.128.162"192.168.15.108:8008 0.001 0.007
59.110.156.126 - - [28/Oct/2022:15:40:05 +0800] "GET /static/images/input_bg.png HTTP/1.0" 200 5720 "https://www.ljyun.com/static/css/style.css" "Mozilla/5.0 (Windows NT 10.0; Win64; x64) AppleWebKit/537.36 (KHTML, like Gecko) Chrome/98.0.4758.102 Safari/537.36" "124.207.128.162"192.168.15.108:8008 0.003 0.009
59.110.156.126 - - [28/Oct/2022:15:40:05 +0800] "GET /static/images/ljyun_login_left.png HTTP/1.0" 200 30796 "https://www.ljyun.com/index.php/login/check_out" "Mozilla/5.0 (Windows NT 10.0; Win64; x64) AppleWebKit/537.36 (KHTML, like Gecko) Chrome/98.0.4758.102 Safari/537.36" "124.207.128.162"192.168.15.108:8008 0.022 0.029
59.110.156.126 - - [28/Oct/2022:15:40:05 +0800] "GET /static/images/ljyun_bg.png HTTP/1.0" 200 546018 "https://www.ljyun.com/static/css/style.css" "Mozilla/5.0 (Windows NT 10.0; Win64; x64) AppleWebKit/537.36 (KHTML, like Gecko) Chrome/98.0.4758.102 Safari/537.36" "124.207.128.162"192.168.15.108:8008 0.060 0.079
59.110.156.126 - - [28/Oct/2022:15:40:05 +0800] "GET /favicon.ico HTTP/1.0" 404 1175 "https://www.ljyun.com/index.php/login/check_out" "Mozilla/5.0 (Windows NT 10.0; Win64; x64) AppleWebKit/537.36 (KHTML, like Gecko) Chrome/98.0.4758.102 Safari/537.36" "124.207.128.162"192.168.15.108:8008 0.009 0.015
59.110.156.126 - - [28/Oct/2022:15:40:07 +0800] "GET /index.php/login/Ajax_check_merchant/ljyun_1162 HTTP/1.0" 200 5 "https://www.ljyun.com/index.php/login/check_out" "Mozilla/5.0 (Windows NT 10.0; Win64; x64) AppleWebKit/537.36 (KHTML, like Gecko) Chrome/98.0.4758.102 Safari/537.36" "124.207.128.162"192.168.15.108:8008 0.039 0.045
59.110.156.126 - - [28/Oct/2022:15:40:07 +0800] "GET /static/images/input_bj_30.jpg HTTP/1.0" 200 1747 "https://www.ljyun.com/index.php/login/check_out" "Mozilla/5.0 (Windows NT 10.0; Win64; x64) AppleWebKit/537.36 (KHTML, like Gecko) Chrome/98.0.4758.102 Safari/537.36" "124.207.128.162"192.168.15.108:8008 0.001 0.007
59.110.156.126 - - [28/Oct/2022:15:40:09 +0800] "GET /index.php/login/Ajax_check_username/admin/ljyun_1162 HTTP/1.0" 200 5 "https://www.ljyun.com/index.php/login/check_out" "Mozilla/5.0 (Windows NT 10.0; Win64; x64) AppleWebKit/537.36 (KHTML, like Gecko) Chrome/98.0.4758.102 Safari/537.36" "124.207.128.162"192.168.15.108:8008 0.040 0.046
59.110.156.126 - - [28/Oct/2022:15:40:10 +0800] "POST /index.php/login/check_admin HTTP/1.0" 302 1 "https://www.ljyun.com/index.php/login/check_out" "Mozilla/5.0 (Windows NT 10.0; Win64; x64) AppleWebKit/537.36 (KHTML, like Gecko) Chrome/98.0.4758.102 Safari/537.36" "124.207.128.162"192.168.15.108:8008 0.035 0.042
59.110.156.126 - - [28/Oct/2022:15:40:10 +0800] "GET /index.php/login/desktop HTTP/1.0" 200 10848 "https://www.ljyun.com/index.php/login/check_out" "Mozilla/5.0 (Windows NT 10.0; Win64; x64) AppleWebKit/537.36 (KHTML, like Gecko) Chrome/98.0.4758.102 Safari/537.36" "124.207.128.162"192.168.15.108:8008 0.045 0.050
59.110.156.126 - - [28/Oct/2022:15:40:10 +0800] "GET /static/css/applicationg.css HTTP/1.0" 200 4162 "https://www.ljyun.com/index.php/login/desktop" "Mozilla/5.0 (Windows NT 10.0; Win64; x64) AppleWebKit/537.36 (KHTML, like Gecko) Chrome/98.0.4758.102 Safari/537.36" "124.207.128.162"192.168.15.108:8008 0.002 0.007
59.110.156.126 - - [28/Oct/2022:15:40:10 +0800] "GET /static/css/style_tmp.css HTTP/1.0" 200 1788 "https://www.ljyun.com/index.php/login/desktop" "Mozilla/5.0 (Windows NT 10.0; Win64; x64) AppleWebKit/537.36 (KHTML, like Gecko) Chrome/98.0.4758.102 Safari/537.36" "124.207.128.162"192.168.15.108:8008 0.002 0.007
59.110.156.126 - - [28/Oct/2022:15:40:10 +0800] "GET /static/images/desk/indexb2_16.gif HTTP/1.0" 200 1459 "https://www.ljyun.com/index.php/login/desktop" "Mozilla/5.0 (Windows NT 10.0; Win64; x64) AppleWebKit/537.36 (KHTML, like Gecko) Chrome/98.0.4758.102 Safari/537.36" "124.207.128.162"192.168.15.108:8008 0.001 0.007
59.110.156.126 - - [28/Oct/2022:15:40:10 +0800] "GET /static/images/desk/indexb2_03.gif HTTP/1.0" 200 1432 "https://www.ljyun.com/index.php/login/desktop" "Mozilla/5.0 (Windows NT 10.0; Win64; x64) AppleWebKit/537.36 (KHTML, like Gecko) Chrome/98.0.4758.102 Safari/537.36" "124.207.128.162"192.168.15.108:8008 0.002 0.008
59.110.156.126 - - [28/Oct/2022:15:40:10 +0800] "GET /static/images/desk/black_4.jpg HTTP/1.0" 200 3941 "https://www.ljyun.com/index.php/login/desktop" "Mozilla/5.0 (Windows NT 10.0; Win64; x64) AppleWebKit/537.36 (KHTML, like Gecko) Chrome/98.0.4758.102 Safari/537.36" "124.207.128.162"192.168.15.108:8008 0.002 0.007
59.110.156.126 - - [28/Oct/2022:15:40:10 +0800] "GET /static/images/desk/indexb2_41.gif HTTP/1.0" 200 1462 "https://www.ljyun.com/index.php/login/desktop" "Mozilla/5.0 (Windows NT 10.0; Win64; x64) AppleWebKit/537.36 (KHTML, like Gecko) Chrome/98.0.4758.102 Safari/537.36" "124.207.128.162"192.168.15.108:8008 0.001 0.007
59.110.156.126 - - [28/Oct/2022:15:40:10 +0800] "GET /static/images/desk/order.png HTTP/1.0" 200 19141 "https://www.ljyun.com/index.php/login/desktop" "Mozilla/5.0 (Windows NT 10.0; Win64; x64) AppleWebKit/537.36 (KHTML, like Gecko) Chrome/98.0.4758.102 Safari/537.36" "124.207.128.162"192.168.15.108:8008 0.007 0.014
59.110.156.126 - - [28/Oct/2022:15:40:10 +0800] "GET /static/images/desk/duizhang.png HTTP/1.0" 200 20000 "https://www.ljyun.com/index.php/login/desktop" "Mozilla/5.0 (Windows NT 10.0; Win64; x64) AppleWebKit/537.36 (KHTML, like Gecko) Chrome/98.0.4758.102 Safari/537.36" "124.207.128.162"192.168.15.108:8008 0.008 0.015
59.110.156.126 - - [28/Oct/2022:15:40:10 +0800] "GET /static/images/desk/indexb2_18.gif HTTP/1.0" 200 1201 "https://www.ljyun.com/static/css/applicationg.css" "Mozilla/5.0 (Windows NT 10.0; Win64; x64) AppleWebKit/537.36 (KHTML, like Gecko) Chrome/98.0.4758.102 Safari/537.36" "124.207.128.162"192.168.15.108:8008 0.002 0.008
59.110.156.126 - - [28/Oct/2022:15:40:10 +0800] "GET /static/images/desk/indexb2_05.gif HTTP/1.0" 200 4299 "https://www.ljyun.com/static/css/applicationg.css" "Mozilla/5.0 (Windows NT 10.0; Win64; x64) AppleWebKit/537.36 (KHTML, like Gecko) Chrome/98.0.4758.102 Safari/537.36" "124.207.128.162"192.168.15.108:8008 0.003 0.009
59.110.156.126 - - [28/Oct/2022:15:40:10 +0800] "GET /static/images/desk/deskbg.jpg HTTP/1.0" 200 28289 "https://www.ljyun.com/static/css/applicationg.css" "Mozilla/5.0 (Windows NT 10.0; Win64; x64) AppleWebKit/537.36 (KHTML, like Gecko) Chrome/98.0.4758.102 Safari/537.36" "124.207.128.162"192.168.15.108:8008 0.007 0.015
59.110.156.126 - - [28/Oct/2022:15:40:10 +0800] "GET /static/images/desk/logony.gif HTTP/1.0" 200 5844 "https://www.ljyun.com/static/css/applicationg.css" "Mozilla/5.0 (Windows NT 10.0; Win64; x64) AppleWebKit/537.36 (KHTML, like Gecko) Chrome/98.0.4758.102 Safari/537.36" "124.207.128.162"192.168.15.108:8008 0.002 0.008
59.110.156.126 - - [28/Oct/2022:15:40:10 +0800] "GET /static/images/desk/indexb2_45.gif HTTP/1.0" 200 2760 "https://www.ljyun.com/index.php/login/desktop" "Mozilla/5.0 (Windows NT 10.0; Win64; x64) AppleWebKit/537.36 (KHTML, like Gecko) Chrome/98.0.4758.102 Safari/537.36" "124.207.128.162"192.168.15.108:8008 0.001 0.006
59.110.156.126 - - [28/Oct/2022:15:40:10 +0800] "GET /index.php/welcome/desktop_frame HTTP/1.0" 200 284 "https://www.ljyun.com/index.php/login/desktop" "Mozilla/5.0 (Windows NT 10.0; Win64; x64) AppleWebKit/537.36 (KHTML, like Gecko) Chrome/98.0.4758.102 Safari/537.36" "124.207.128.162"192.168.15.108:8008 0.019 0.025
59.110.156.126 - - [28/Oct/2022:15:40:10 +0800] "GET /static/images/desk/indexb2_42.gif HTTP/1.0" 200 1457 "https://www.ljyun.com/index.php/login/desktop" "Mozilla/5.0 (Windows NT 10.0; Win64; x64) AppleWebKit/537.36 (KHTML, like Gecko) Chrome/98.0.4758.102 Safari/537.36" "124.207.128.162"192.168.15.108:8008 0.001 0.007
59.110.156.126 - - [28/Oct/2022:15:40:10 +0800] "GET /static/images/desk/indexb2_19.gif HTTP/1.0" 200 1513 "https://www.ljyun.com/index.php/login/desktop" "Mozilla/5.0 (Windows NT 10.0; Win64; x64) AppleWebKit/537.36 (KHTML, like Gecko) Chrome/98.0.4758.102 Safari/537.36" "124.207.128.162"192.168.15.108:8008 0.001 0.007
59.110.156.126 - - [28/Oct/2022:15:40:10 +0800] "GET /static/images/desk/indexb2_07.gif HTTP/1.0" 200 1164 "https://www.ljyun.com/static/css/applicationg.css" "Mozilla/5.0 (Windows NT 10.0; Win64; x64) AppleWebKit/537.36 (KHTML, like Gecko) Chrome/98.0.4758.102 Safari/537.36" "124.207.128.162"192.168.15.108:8008 0.002 0.007
59.110.156.126 - - [28/Oct/2022:15:40:10 +0800] "GET /static/images/desk/indexb2_42-45.gif HTTP/1.0" 200 1606 "https://www.ljyun.com/index.php/login/desktop" "Mozilla/5.0 (Windows NT 10.0; Win64; x64) AppleWebKit/537.36 (KHTML, like Gecko) Chrome/98.0.4758.102 Safari/537.36" "124.207.128.162"192.168.15.108:8008 0.002 0.008
59.110.156.126 - - [28/Oct/2022:15:40:10 +0800] "GET /static/images/desk/indexb2_41-44.gif HTTP/1.0" 200 1607 "https://www.ljyun.com/index.php/login/desktop" "Mozilla/5.0 (Windows NT 10.0; Win64; x64) AppleWebKit/537.36 (KHTML, like Gecko) Chrome/98.0.4758.102 Safari/537.36" "124.207.128.162"192.168.15.108:8008 0.001 0.007
59.110.156.126 - - [28/Oct/2022:15:40:10 +0800] "GET /static/images/desk/indexb2_14.gif HTTP/1.0" 200 1383 "https://www.ljyun.com/index.php/login/desktop" "Mozilla/5.0 (Windows NT 10.0; Win64; x64) AppleWebKit/537.36 (KHTML, like Gecko) Chrome/98.0.4758.102 Safari/537.36" "124.207.128.162"192.168.15.108:8008 0.001 0.015
59.110.156.126 - - [28/Oct/2022:15:40:10 +0800] "GET /static/images/desk/indexb2_17.gif HTTP/1.0" 200 1517 "https://www.ljyun.com/index.php/login/desktop" "Mozilla/5.0 (Windows NT 10.0; Win64; x64) AppleWebKit/537.36 (KHTML, like Gecko) Chrome/98.0.4758.102 Safari/537.36" "124.207.128.162"192.168.15.108:8008 0.002 0.008
59.110.156.126 - - [28/Oct/2022:15:40:10 +0800] "GET /static/images/desk/silebot.gif HTTP/1.0" 200 1458 "https://www.ljyun.com/index.php/login/desktop" "Mozilla/5.0 (Windows NT 10.0; Win64; x64) AppleWebKit/537.36 (KHTML, like Gecko) Chrome/98.0.4758.102 Safari/537.36" "124.207.128.162"192.168.15.108:8008 0.001 0.007
59.110.156.126 - - [28/Oct/2022:15:40:10 +0800] "GET /static/images/tibao1.gif HTTP/1.0" 200 1931 "https://www.ljyun.com/index.php/login/desktop" "Mozilla/5.0 (Windows NT 10.0; Win64; x64) AppleWebKit/537.36 (KHTML, like Gecko) Chrome/98.0.4758.102 Safari/537.36" "124.207.128.162"192.168.15.108:8008 0.001 0.007
59.110.156.126 - - [28/Oct/2022:15:40:10 +0800] "GET /static/images/sp_06.gif HTTP/1.0" 200 1176 "https://www.ljyun.com/index.php/login/desktop" "Mozilla/5.0 (Windows NT 10.0; Win64; x64) AppleWebKit/537.36 (KHTML, like Gecko) Chrome/98.0.4758.102 Safari/537.36" "124.207.128.162"192.168.15.108:8008 0.001 0.007
59.110.156.126 - - [28/Oct/2022:15:40:10 +0800] "GET /static/images/sp_08.gif HTTP/1.0" 200 1185 "https://www.ljyun.com/index.php/login/desktop" "Mozilla/5.0 (Windows NT 10.0; Win64; x64) AppleWebKit/537.36 (KHTML, like Gecko) Chrome/98.0.4758.102 Safari/537.36" "124.207.128.162"192.168.15.108:8008 0.001 0.006
59.110.156.126 - - [28/Oct/2022:15:40:10 +0800] "GET /index.php/mobile/mobile_app_leftnav/index HTTP/1.0" 200 50 "https://www.ljyun.com/index.php/welcome/desktop_frame" "Mozilla/5.0 (Windows NT 10.0; Win64; x64) AppleWebKit/537.36 (KHTML, like Gecko) Chrome/98.0.4758.102 Safari/537.36" "124.207.128.162"192.168.15.108:8008 0.021 0.027
59.110.156.126 - - [28/Oct/2022:15:40:10 +0800] "GET /static/images/sp_10.gif HTTP/1.0" 200 1480 "https://www.ljyun.com/index.php/login/desktop" "Mozilla/5.0 (Windows NT 10.0; Win64; x64) AppleWebKit/537.36 (KHTML, like Gecko) Chrome/98.0.4758.102 Safari/537.36" "124.207.128.162"192.168.15.108:8008 0.001 0.006
192.168.15.102 - - [28/Oct/2022:15:40:19 +0800] "POST /index.php/park/getFreeHour HTTP/1.0" 200 22 "https://servicewechat.com/wx401c2bdff33aa0cf/12/page-frame.html" "Mozilla/5.0 (Linux; Android 10; ELE-AL00 Build/HUAWEIELE-AL00; wv) AppleWebKit/537.36 (KHTML, like Gecko) Version/4.0 Chrome/86.0.4240.99 XWEB/4317 MMWEBSDK/20220903 Mobile Safari/537.36 MMWEBID/256 MicroMessenger/8.0.28.2240(0x28001C57) WeChat/arm64 Weixin NetType/4G Language/zh_CN ABI/arm64 MiniProgramEnv/android" "106.121.188.42, 59.110.156.126"192.168.15.107:8014 0.434 0.434
59.110.156.126 - - [28/Oct/2022:15:40:19 +0800] "POST /official/customer_miniprogram_B/index.php/park/getFreeHour HTTP/1.0" 200 22 "https://servicewechat.com/wx401c2bdff33aa0cf/12/page-frame.html" "Mozilla/5.0 (Linux; Android 10; ELE-AL00 Build/HUAWEIELE-AL00; wv) AppleWebKit/537.36 (KHTML, like Gecko) Version/4.0 Chrome/86.0.4240.99 XWEB/4317 MMWEBSDK/20220903 Mobile Safari/537.36 MMWEBID/256 MicroMessenger/8.0.28.2240(0x28001C57) WeChat/arm64 Weixin NetType/4G Language/zh_CN ABI/arm64 MiniProgramEnv/android" "106.121.188.42"192.168.15.102:8015 0.435 0.441
192.168.15.102 - - [28/Oct/2022:15:40:21 +0800] "GET /index.php/park/getMyCars?memberId=166419 HTTP/1.0" 200 1384 "https://servicewechat.com/wx401c2bdff33aa0cf/12/page-frame.html" "Mozilla/5.0 (Linux; Android 10; ELE-AL00 Build/HUAWEIELE-AL00; wv) AppleWebKit/537.36 (KHTML, like Gecko) Version/4.0 Chrome/86.0.4240.99 XWEB/4317 MMWEBSDK/20220903 Mobile Safari/537.36 MMWEBID/256 MicroMessenger/8.0.28.2240(0x28001C57) WeChat/arm64 Weixin NetType/4G Language/zh_CN ABI/arm64 MiniProgramEnv/android" "106.121.188.42, 59.110.156.126"192.168.15.107:8014 0.243 0.243
59.110.156.126 - - [28/Oct/2022:15:40:21 +0800] "GET /official/customer_miniprogram_B/index.php/park/getMyCars?memberId=166419 HTTP/1.0" 200 1384 "https://servicewechat.com/wx401c2bdff33aa0cf/12/page-frame.html" "Mozilla/5.0 (Linux; Android 10; ELE-AL00 Build/HUAWEIELE-AL00; wv) AppleWebKit/537.36 (KHTML, like Gecko) Version/4.0 Chrome/86.0.4240.99 XWEB/4317 MMWEBSDK/20220903 Mobile Safari/537.36 MMWEBID/256 MicroMessenger/8.0.28.2240(0x28001C57) WeChat/arm64 Weixin NetType/4G Language/zh_CN ABI/arm64 MiniProgramEnv/android" "106.121.188.42"192.168.15.102:8015 0.243 0.249
59.110.156.126 - - [28/Oct/2022:15:40:22 +0800] "POST /parkapi/receiveMessage/enter HTTP/1.0" 200 206 "-" "okhttp/3.8.1" "47.93.24.50"192.168.15.109:8080 0.032 0.038
192.168.15.102 - - [28/Oct/2022:15:40:41 +0800] "GET /index.php/wechat/ajaxCheckBindPhone?unionId=oYoSC02GXcStF0njJ-lYX5_g_1A0 HTTP/1.0" 200 60 "https://servicewechat.com/wx401c2bdff33aa0cf/12/page-frame.html" "Mozilla/5.0 (Linux; Android 10; ELS-AN00 Build/HUAWEIELS-AN00; wv) AppleWebKit/537.36 (KHTML, like Gecko) Version/4.0 Chrome/86.0.4240.99 XWEB/4317 MMWEBSDK/20220903 Mobile Safari/537.36 MMWEBID/4485 MicroMessenger/8.0.28.2240(0x28001C57) WeChat/arm64 Weixin NetType/5G Language/zh_CN ABI/arm64 MiniProgramEnv/android" "124.64.22.36, 59.110.156.126"192.168.15.107:8014 0.028 0.028
59.110.156.126 - - [28/Oct/2022:15:40:41 +0800] "GET /official/customer_miniprogram_B/index.php/wechat/ajaxCheckBindPhone?unionId=oYoSC02GXcStF0njJ-lYX5_g_1A0 HTTP/1.0" 200 60 "https://servicewechat.com/wx401c2bdff33aa0cf/12/page-frame.html" "Mozilla/5.0 (Linux; Android 10; ELS-AN00 Build/HUAWEIELS-AN00; wv) AppleWebKit/537.36 (KHTML, like Gecko) Version/4.0 Chrome/86.0.4240.99 XWEB/4317 MMWEBSDK/20220903 Mobile Safari/537.36 MMWEBID/4485 MicroMessenger/8.0.28.2240(0x28001C57) WeChat/arm64 Weixin NetType/5G Language/zh_CN ABI/arm64 MiniProgramEnv/android" "124.64.22.36"192.168.15.102:8015 0.028 0.034
59.110.156.126 - - [28/Oct/2022:15:40:49 +0800] "POST /parkapi/receiveMessage/enter HTTP/1.0" 200 206 "-" "okhttp/3.8.1" "47.93.24.50"192.168.15.109:8080 0.019 0.025
59.110.156.126 - - [28/Oct/2022:15:40:57 +0800] "POST /parkapi/receiveMessage/enter HTTP/1.0" 200 205 "-" "okhttp/3.8.1" "47.93.24.50"192.168.15.109:8080 0.020 0.026
59.110.156.126 - - [28/Oct/2022:15:41:25 +0800] "POST /parkapi/receiveMessage/out HTTP/1.0" 200 43 "-" "okhttp/3.8.1" "47.93.24.50"192.168.15.109:8080 0.018 0.024
59.110.156.126 - - [28/Oct/2022:15:41:27 +0800] "POST /parkapi/receiveMessage/out HTTP/1.0" 200 188 "-" "okhttp/3.8.1" "47.93.24.50"192.168.15.109:8080 0.028 0.033
192.168.15.113 - - [28/Oct/2022:15:41:28 +0800] "GET /index.php/ljmis/merchant_info?type=list&condition%5B0%5D%5Blink%5D=and&condition%5B0%5D%5Bfield%5D=merchant_kid&condition%5B0%5D%5Brelation%5D=%3D&condition%5B0%5D%5Bvalue%5D=K100002343&condition%5Blimit%5D=1&condition%5Border%5D=merchant_id+desc HTTP/1.1" 200 1076 "-" "-" "-"192.168.15.113:8001 0.065 0.065
192.168.15.113 - - [28/Oct/2022:15:41:28 +0800] "GET /index.php/common/merchant_contract_signed?type=list&condition%5B0%5D%5Blink%5D=and&condition%5B0%5D%5Bfield%5D=contract_state&condition%5B0%5D%5Brelation%5D=%3D&condition%5B0%5D%5Bvalue%5D=1&condition%5B1%5D%5Blink%5D=and&condition%5B1%5D%5Bfield%5D=con_merchant_id&condition%5B1%5D%5Brelation%5D=%3D&condition%5B1%5D%5Bvalue%5D=K100002343&condition%5Border%5D=contract_cid+desc HTTP/1.1" 200 577 "-" "-" "-"192.168.15.113:8001 0.066 0.066
192.168.15.108 - - [28/Oct/2022:15:41:28 +0800] "GET /index.php/common/getMerchantInfoByKid?token=411389c408962206e9b21b8ff05a5000&data%5Bkid%5D=K100002343 HTTP/1.1" 200 1685 "-" "-" "-"192.168.15.113:8002 0.181 0.181
192.168.15.113 - - [28/Oct/2022:15:41:28 +0800] "POST /index.php/ljmis/coupons_subsidy/select HTTP/1.1" 200 161 "-" "-" "-"192.168.15.113:8001 0.076 0.077
192.168.15.113 - - [28/Oct/2022:15:41:28 +0800] "POST /index.php/ljmis/coupons_subsidy/select HTTP/1.1" 200 38348 "-" "-" "-"192.168.15.113:8001 0.098 0.098
192.168.15.108 - - [28/Oct/2022:15:41:28 +0800] "GET /index.php/seller/contractTicketList?token=c9d2a8dec1c905a5e547a3db41c0b22b&page=1&merchant_id=2951&consume_state=3&pact_number=&invoice_number=&start_date=2022-03-01&end_date=2022-09-30&check_status%5B0%5D=5 HTTP/1.1" 200 38490 "-" "-" "-"192.168.15.113:8002 0.227 0.227
192.168.9.141 - - [28/Oct/2022:15:41:34 +0800] "GET /pay/seek_sell_query.php?start=2018-10-01&end=2022-10-28&pact_id=&resource=&form_id=&card_type=&s_state=&client_id=0&operator_id=0&pact_value=&cope_value=&card_num=&sum_value=0&fee_value=0&fact_value=0&company_value=0&merchant_value=0&cardvalue=&seek=%E6%9F%A5%E8%AF%A2&seek_more=&state= HTTP/1.1" 499 0 "http://192.168.15.102:8005/pay/seek_sell_query.php" "Mozilla/5.0 (Windows NT 10.0; Win64; x64) AppleWebKit/537.36 (KHTML, like Gecko) Chrome/106.0.0.0 Safari/537.36" "-"192.168.15.113:8005 - 0.170
192.168.9.141 - - [28/Oct/2022:15:41:34 +0800] "GET /pay/seek_sell_query.php?start=2018-10-01&end=2022-10-28&pact_id=&resource=&form_id=&card_type=&s_state=&client_id=0&operator_id=0&pact_value=&cope_value=&card_num=&sum_value=0&fee_value=0&fact_value=0&company_value=0&merchant_value=0&cardvalue=&seek=%E6%9F%A5%E8%AF%A2&seek_more=&state= HTTP/1.1" 499 0 "http://192.168.15.102:8005/pay/seek_sell_query.php" "Mozilla/5.0 (Windows NT 10.0; Win64; x64) AppleWebKit/537.36 (KHTML, like Gecko) Chrome/106.0.0.0 Safari/537.36" "-"192.168.15.113:8005 - 0.157
192.168.9.141 - - [28/Oct/2022:15:41:34 +0800] "GET /pay/seek_sell_query.php?start=2018-10-01&end=2022-10-28&pact_id=&resource=&form_id=&card_type=&s_state=&client_id=0&operator_id=0&pact_value=&cope_value=&card_num=&sum_value=0&fee_value=0&fact_value=0&company_value=0&merchant_value=0&cardvalue=&seek=%E6%9F%A5%E8%AF%A2&seek_more=&state= HTTP/1.1" 499 0 "http://192.168.15.102:8005/pay/seek_sell_query.php" "Mozilla/5.0 (Windows NT 10.0; Win64; x64) AppleWebKit/537.36 (KHTML, like Gecko) Chrome/106.0.0.0 Safari/537.36" "-"192.168.15.113:8005 - 0.159
192.168.9.141 - - [28/Oct/2022:15:41:34 +0800] "GET /pay/seek_sell_query.php?start=2018-10-01&end=2022-10-28&pact_id=&resource=&form_id=&card_type=&s_state=&client_id=0&operator_id=0&pact_value=&cope_value=&card_num=&sum_value=0&fee_value=0&fact_value=0&company_value=0&merchant_value=0&cardvalue=&seek=%E6%9F%A5%E8%AF%A2&seek_more=&state= HTTP/1.1" 499 0 "http://192.168.15.102:8005/pay/seek_sell_query.php" "Mozilla/5.0 (Windows NT 10.0; Win64; x64) AppleWebKit/537.36 (KHTML, like Gecko) Chrome/106.0.0.0 Safari/537.36" "-"192.168.15.113:8005 - 0.166
192.168.9.141 - - [28/Oct/2022:15:41:34 +0800] "GET /pay/seek_sell_query.php?start=2018-10-01&end=2022-10-28&pact_id=&resource=&form_id=&card_type=&s_state=&client_id=0&operator_id=0&pact_value=&cope_value=&card_num=&sum_value=0&fee_value=0&fact_value=0&company_value=0&merchant_value=0&cardvalue=&seek=%E6%9F%A5%E8%AF%A2&seek_more=&state= HTTP/1.1" 499 0 "http://192.168.15.102:8005/pay/seek_sell_query.php" "Mozilla/5.0 (Windows NT 10.0; Win64; x64) AppleWebKit/537.36 (KHTML, like Gecko) Chrome/106.0.0.0 Safari/537.36" "-"192.168.15.113:8005 - 0.148
192.168.9.141 - - [28/Oct/2022:15:41:34 +0800] "GET /pay/seek_sell_query.php?start=2018-10-01&end=2022-10-28&pact_id=&resource=&form_id=&card_type=&s_state=&client_id=0&operator_id=0&pact_value=&cope_value=&card_num=&sum_value=0&fee_value=0&fact_value=0&company_value=0&merchant_value=0&cardvalue=&seek=%E6%9F%A5%E8%AF%A2&seek_more=&state= HTTP/1.1" 499 0 "http://192.168.15.102:8005/pay/seek_sell_query.php" "Mozilla/5.0 (Windows NT 10.0; Win64; x64) AppleWebKit/537.36 (KHTML, like Gecko) Chrome/106.0.0.0 Safari/537.36" "-"192.168.15.113:8005 - 0.146
59.110.156.126 - - [28/Oct/2022:15:41:35 +0800] "POST /parkapi/receiveMessage/auto HTTP/1.0" 200 127 "-" "okhttp/3.8.1" "47.93.24.50"192.168.15.109:8080 0.163 0.170
59.110.156.126 - - [28/Oct/2022:15:41:36 +0800] "POST /parkapi/receiveMessage/out HTTP/1.0" 200 43 "-" "okhttp/3.8.1" "47.93.24.50"192.168.15.109:8080 0.029 0.034
59.110.156.126 - - [28/Oct/2022:15:41:38 +0800] "POST /parkapi/receiveMessage/auto HTTP/1.0" 200 128 "-" "okhttp/3.8.1" "47.93.24.50"192.168.15.109:8080 0.163 0.169
59.110.156.126 - - [28/Oct/2022:15:41:39 +0800] "POST /parkapi/receiveMessage/out HTTP/1.0" 200 43 "-" "okhttp/3.8.1" "47.93.24.50"192.168.15.109:8080 0.015 0.021
192.168.9.141 - - [28/Oct/2022:15:41:43 +0800] "GET /pay/seek_sell_query.php?start=2018-10-01&end=2022-10-28&pact_id=&resource=&form_id=&card_type=&s_state=&client_id=0&operator_id=0&pact_value=&cope_value=&card_num=&sum_value=0&fee_value=0&fact_value=0&company_value=0&merchant_value=0&cardvalue=&seek=%E6%9F%A5%E8%AF%A2&seek_more=&state= HTTP/1.1" 502 537 "http://192.168.15.102:8005/pay/seek_sell_query.php" "Mozilla/5.0 (Windows NT 10.0; Win64; x64) AppleWebKit/537.36 (KHTML, like Gecko) Chrome/106.0.0.0 Safari/537.36" "-"192.168.15.113:8005, 192.168.15.114:8005 6.001, 3.001 9.002
192.168.15.113 - - [28/Oct/2022:15:41:54 +0800] "GET /index.php/ljmis/merchant_info?type=list&condition%5B0%5D%5Blink%5D=and&condition%5B0%5D%5Bfield%5D=merchant_kid&condition%5B0%5D%5Brelation%5D=%3D&condition%5B0%5D%5Bvalue%5D=K100002315&condition%5Blimit%5D=1&condition%5Border%5D=merchant_id+desc HTTP/1.1" 200 1070 "-" "-" "-"192.168.15.113:8001 0.067 0.067
192.168.15.113 - - [28/Oct/2022:15:41:54 +0800] "GET /index.php/common/merchant_contract_signed?type=list&condition%5B0%5D%5Blink%5D=and&condition%5B0%5D%5Bfield%5D=contract_state&condition%5B0%5D%5Brelation%5D=%3D&condition%5B0%5D%5Bvalue%5D=1&condition%5B1%5D%5Blink%5D=and&condition%5B1%5D%5Bfield%5D=con_merchant_id&condition%5B1%5D%5Brelation%5D=%3D&condition%5B1%5D%5Bvalue%5D=K100002315&condition%5Border%5D=contract_cid+desc HTTP/1.1" 200 577 "-" "-" "-"192.168.15.113:8001 0.066 0.066
192.168.15.108 - - [28/Oct/2022:15:41:54 +0800] "GET /index.php/common/getMerchantInfoByKid?token=411389c408962206e9b21b8ff05a5000&data%5Bkid%5D=K100002315 HTTP/1.1" 200 1679 "-" "-" "-"192.168.15.113:8002 0.182 0.182
192.168.15.102 - - [28/Oct/2022:15:41:54 +0800] "GET /index.php/park/getMyCars?memberId=166420 HTTP/1.0" 200 1383 "https://servicewechat.com/wx401c2bdff33aa0cf/12/page-frame.html" "Mozilla/5.0 (iPhone; CPU iPhone OS 14_7_1 like Mac OS X) AppleWebKit/605.1.15 (KHTML, like Gecko) Mobile/15E148 MicroMessenger/8.0.28(0x18001c2e) NetType/4G Language/zh_CN" "223.104.41.103, 59.110.156.126"192.168.15.107:8014 0.305 0.305
59.110.156.126 - - [28/Oct/2022:15:41:54 +0800] "GET /official/customer_miniprogram_B/index.php/park/getMyCars?memberId=166420 HTTP/1.0" 200 1383 "https://servicewechat.com/wx401c2bdff33aa0cf/12/page-frame.html" "Mozilla/5.0 (iPhone; CPU iPhone OS 14_7_1 like Mac OS X) AppleWebKit/605.1.15 (KHTML, like Gecko) Mobile/15E148 MicroMessenger/8.0.28(0x18001c2e) NetType/4G Language/zh_CN" "223.104.41.103"192.168.15.102:8015 0.306 0.312
192.168.15.113 - - [28/Oct/2022:15:41:54 +0800] "POST /index.php/ljmis/coupons_subsidy/select HTTP/1.1" 200 156 "-" "-" "-"192.168.15.113:8001 0.081 0.082
192.168.15.113 - - [28/Oct/2022:15:41:54 +0800] "POST /index.php/ljmis/coupons_subsidy/select HTTP/1.1" 200 19983 "-" "-" "-"192.168.15.113:8001 0.098 0.099
192.168.15.108 - - [28/Oct/2022:15:41:54 +0800] "GET /index.php/seller/contractTicketList?token=c9d2a8dec1c905a5e547a3db41c0b22b&page=1&merchant_id=2923&consume_state=3&invoice_number=&start_date=2022-07-30&end_date=2022-10-28&check_status%5B0%5D=0 HTTP/1.1" 200 20101 "-" "-" "-"192.168.15.113:8002 0.229 0.229
192.168.15.113 - - [28/Oct/2022:15:42:09 +0800] "GET /index.php/ljmis/merchant_info?type=list&condition%5B0%5D%5Blink%5D=and&condition%5B0%5D%5Bfield%5D=merchant_kid&condition%5B0%5D%5Brelation%5D=%3D&condition%5B0%5D%5Bvalue%5D=K100002315&condition%5Blimit%5D=1&condition%5Border%5D=merchant_id+desc HTTP/1.1" 200 1070 "-" "-" "-"192.168.15.113:8001 0.066 0.066
192.168.15.113 - - [28/Oct/2022:15:42:09 +0800] "GET /index.php/common/merchant_contract_signed?type=list&condition%5B0%5D%5Blink%5D=and&condition%5B0%5D%5Bfield%5D=contract_state&condition%5B0%5D%5Brelation%5D=%3D&condition%5B0%5D%5Bvalue%5D=1&condition%5B1%5D%5Blink%5D=and&condition%5B1%5D%5Bfield%5D=con_merchant_id&condition%5B1%5D%5Brelation%5D=%3D&condition%5B1%5D%5Bvalue%5D=K100002315&condition%5Border%5D=contract_cid+desc HTTP/1.1" 200 577 "-" "-" "-"192.168.15.113:8001 0.066 0.066
192.168.15.108 - - [28/Oct/2022:15:42:09 +0800] "GET /index.php/common/getMerchantInfoByKid?token=411389c408962206e9b21b8ff05a5000&data%5Bkid%5D=K100002315 HTTP/1.1" 200 1679 "-" "-" "-"192.168.15.113:8002 0.181 0.181
192.168.15.113 - - [28/Oct/2022:15:42:09 +0800] "POST /index.php/ljmis/coupons_subsidy/select HTTP/1.1" 200 164 "-" "-" "-"192.168.15.113:8001 0.089 0.090
192.168.15.113 - - [28/Oct/2022:15:42:09 +0800] "POST /index.php/ljmis/coupons_subsidy/select HTTP/1.1" 200 38241 "-" "-" "-"192.168.15.113:8001 0.139 0.141
192.168.15.108 - - [28/Oct/2022:15:42:09 +0800] "GET /index.php/seller/contractTicketList?token=c9d2a8dec1c905a5e547a3db41c0b22b&page=1&merchant_id=2923&consume_state=3&pact_number=&invoice_number=&start_date=2022-03-01&end_date=2022-09-30&check_status%5B0%5D=5 HTTP/1.1" 200 38374 "-" "-" "-"192.168.15.113:8002 0.280 0.280
59.110.156.126 - - [28/Oct/2022:15:42:12 +0800] "POST /parkapi/receiveMessage/enter HTTP/1.0" 200 43 "-" "okhttp/3.8.1" "47.93.24.50"192.168.15.109:8080 0.124 0.130
59.110.156.126 - - [28/Oct/2022:15:42:32 +0800] "POST /parkapi/receiveMessage/out HTTP/1.0" 200 189 "-" "okhttp/3.8.1" "47.93.24.50"192.168.15.109:8080 0.015 0.021
114.219.14.182 - - [28/Oct/2022:15:42:40 +0800] "\x16\x03\x01\x02\x00\x01\x00\x01\xFC\x03\x038\x06\x19\xAFue\x8B\x19\x94L\x99W\xDA\xD9R\xC8\xBA\xED\x10\xDF\xB15\xC1Z\xBA\x82" 400 173 "-" "-" "-"- - 0.027
114.219.14.182 - - [28/Oct/2022:15:42:40 +0800] "\x16\x03\x01\x02\x00\x01\x00\x01\xFC\x03\x03\x1D\x90\x18\xDE\xDF\xFA\x9B\xFE\x17\xF9\xF2\xF72\xBAKu\xB5\x83\x99\x89\x06\x90\xC2\xD405|R\xD8\x95^\x9B\x00\x00\xF4\x00\x05\x00\x04\x00\x02\x00\x08\x00\x14\x00\x03\x00\x01\x00\x15\x00\x06\x00\x16\x00\x17\x003\x009\x00\x19\x00:\x00\x1A\x00\x18\x005\x00\x09\x00" 400 173 "-" "-" "-"- - 0.033
59.110.156.126 - - [28/Oct/2022:15:42:41 +0800] "POST /parkapi/receiveMessage/auto HTTP/1.0" 200 90 "-" "okhttp/3.8.1" "47.93.24.50"192.168.15.109:8080 0.019 0.025
192.168.15.102 - - [28/Oct/2022:15:42:52 +0800] "GET /index.php/getUnionId?code=081YV6100jxqPO16B2400eZnzU2YV614&iv=kt%252B05Xd341QvNyz04bXvPA%253D%253D&encryptedData=nYZwfYSVuNwQU6ddFIYI846YoRpiQb08tnGMn2C7wPV2r98c0sjYtaEWfNLNraSsELAEN0WUsVTKMrpKqDceK85ygjV8kDWV5lBS0wD%252BQB%252BD1st7RM6wv6MEBppg1xoyNX7IWgdL9I7dBnUqPOjsGJCXyplaR7bYdOTABN4p9jzg6%252FZxfcAAqv%252Fk1gLBKD01uzFRkp6A5Iy%252FV83ldiRWV%252FEXFXZxKd%252FmdV0hkY3vr6f21dU8djaeWBApmVdT%252Fhol6VhtcgP9d2QtL%252BGDKnbUQTxOOH%252Fj%252BdDFwcdGt6Fw4YhYVlslyc4wKbLkrbauhhRrywobLUFi6kgA%252BuUc0LqfJkhGIzj%252BZfzlzjdWVQwB%252FGlPyoPmts4Foyfdod1Pa1h0sGEE5IhcsHhnI%252F27WbwRvyteynbLaRJoGalUtYo7OCnGtfwHuZZu5NgfSinnoYKvXszibbJEoZB2Iw7iJtnzx6D5W0NUSfantCKjMwh9C5edT%252B3PcOCscs9a4chN1QB4 HTTP/1.0" 200 52 "https://servicewechat.com/wx401c2bdff33aa0cf/12/page-frame.html" "Mozilla/5.0 (Linux; Android 10; SEA-AL10 Build/HUAWEISEA-AL10; wv) AppleWebKit/537.36 (KHTML, like Gecko) Version/4.0 Chrome/86.0.4240.99 XWEB/4317 MMWEBSDK/20220903 Mobile Safari/537.36 MMWEBID/9323 MicroMessenger/8.0.28.2240(0x28001C57) WeChat/arm64 Weixin NetType/4G Language/zh_CN ABI/arm64 MiniProgramEnv/android" "124.64.18.220, 59.110.156.126"192.168.15.107:8014 0.383 0.383
59.110.156.126 - - [28/Oct/2022:15:42:52 +0800] "GET /official/customer_miniprogram_B/index.php/getUnionId?code=081YV6100jxqPO16B2400eZnzU2YV614&iv=kt%252B05Xd341QvNyz04bXvPA%253D%253D&encryptedData=nYZwfYSVuNwQU6ddFIYI846YoRpiQb08tnGMn2C7wPV2r98c0sjYtaEWfNLNraSsELAEN0WUsVTKMrpKqDceK85ygjV8kDWV5lBS0wD%252BQB%252BD1st7RM6wv6MEBppg1xoyNX7IWgdL9I7dBnUqPOjsGJCXyplaR7bYdOTABN4p9jzg6%252FZxfcAAqv%252Fk1gLBKD01uzFRkp6A5Iy%252FV83ldiRWV%252FEXFXZxKd%252FmdV0hkY3vr6f21dU8djaeWBApmVdT%252Fhol6VhtcgP9d2QtL%252BGDKnbUQTxOOH%252Fj%252BdDFwcdGt6Fw4YhYVlslyc4wKbLkrbauhhRrywobLUFi6kgA%252BuUc0LqfJkhGIzj%252BZfzlzjdWVQwB%252FGlPyoPmts4Foyfdod1Pa1h0sGEE5IhcsHhnI%252F27WbwRvyteynbLaRJoGalUtYo7OCnGtfwHuZZu5NgfSinnoYKvXszibbJEoZB2Iw7iJtnzx6D5W0NUSfantCKjMwh9C5edT%252B3PcOCscs9a4chN1QB4 HTTP/1.0" 200 52 "https://servicewechat.com/wx401c2bdff33aa0cf/12/page-frame.html" "Mozilla/5.0 (Linux; Android 10; SEA-AL10 Build/HUAWEISEA-AL10; wv) AppleWebKit/537.36 (KHTML, like Gecko) Version/4.0 Chrome/86.0.4240.99 XWEB/4317 MMWEBSDK/20220903 Mobile Safari/537.36 MMWEBID/9323 MicroMessenger/8.0.28.2240(0x28001C57) WeChat/arm64 Weixin NetType/4G Language/zh_CN ABI/arm64 MiniProgramEnv/android" "124.64.18.220"192.168.15.102:8015 0.384 0.389
192.168.15.102 - - [28/Oct/2022:15:42:52 +0800] "GET /index.php/wechat/ajaxCheckBindPhone?unionId=oYoSC0_VO1irQnd7kd7bDohGyd4A HTTP/1.0" 200 39 "https://servicewechat.com/wx401c2bdff33aa0cf/12/page-frame.html" "Mozilla/5.0 (Linux; Android 10; SEA-AL10 Build/HUAWEISEA-AL10; wv) AppleWebKit/537.36 (KHTML, like Gecko) Version/4.0 Chrome/86.0.4240.99 XWEB/4317 MMWEBSDK/20220903 Mobile Safari/537.36 MMWEBID/9323 MicroMessenger/8.0.28.2240(0x28001C57) WeChat/arm64 Weixin NetType/4G Language/zh_CN ABI/arm64 MiniProgramEnv/android" "124.64.18.220, 59.110.156.126"192.168.15.107:8014 0.028 0.028
59.110.156.126 - - [28/Oct/2022:15:42:52 +0800] "GET /official/customer_miniprogram_B/index.php/wechat/ajaxCheckBindPhone?unionId=oYoSC0_VO1irQnd7kd7bDohGyd4A HTTP/1.0" 200 39 "https://servicewechat.com/wx401c2bdff33aa0cf/12/page-frame.html" "Mozilla/5.0 (Linux; Android 10; SEA-AL10 Build/HUAWEISEA-AL10; wv) AppleWebKit/537.36 (KHTML, like Gecko) Version/4.0 Chrome/86.0.4240.99 XWEB/4317 MMWEBSDK/20220903 Mobile Safari/537.36 MMWEBID/9323 MicroMessenger/8.0.28.2240(0x28001C57) WeChat/arm64 Weixin NetType/4G Language/zh_CN ABI/arm64 MiniProgramEnv/android" "124.64.18.220"192.168.15.102:8015 0.029 0.035
192.168.15.102 - - [28/Oct/2022:15:42:56 +0800] "GET /index.php/wechat/ajaxCheckBindPhone?unionId=oYoSC0_VO1irQnd7kd7bDohGyd4A HTTP/1.0" 200 39 "https://servicewechat.com/wx401c2bdff33aa0cf/12/page-frame.html" "Mozilla/5.0 (Linux; Android 10; SEA-AL10 Build/HUAWEISEA-AL10; wv) AppleWebKit/537.36 (KHTML, like Gecko) Version/4.0 Chrome/86.0.4240.99 XWEB/4317 MMWEBSDK/20220903 Mobile Safari/537.36 MMWEBID/9323 MicroMessenger/8.0.28.2240(0x28001C57) WeChat/arm64 Weixin NetType/4G Language/zh_CN ABI/arm64 MiniProgramEnv/android" "124.64.18.220, 59.110.156.126"192.168.15.107:8014 0.027 0.027
59.110.156.126 - - [28/Oct/2022:15:42:56 +0800] "GET /official/customer_miniprogram_B/index.php/wechat/ajaxCheckBindPhone?unionId=oYoSC0_VO1irQnd7kd7bDohGyd4A HTTP/1.0" 200 39 "https://servicewechat.com/wx401c2bdff33aa0cf/12/page-frame.html" "Mozilla/5.0 (Linux; Android 10; SEA-AL10 Build/HUAWEISEA-AL10; wv) AppleWebKit/537.36 (KHTML, like Gecko) Version/4.0 Chrome/86.0.4240.99 XWEB/4317 MMWEBSDK/20220903 Mobile Safari/537.36 MMWEBID/9323 MicroMessenger/8.0.28.2240(0x28001C57) WeChat/arm64 Weixin NetType/4G Language/zh_CN ABI/arm64 MiniProgramEnv/android" "124.64.18.220"192.168.15.102:8015 0.027 0.032
59.110.156.126 - - [28/Oct/2022:15:43:00 +0800] "POST /parkapi/receiveMessage/out HTTP/1.0" 200 43 "-" "okhttp/3.8.1" "47.93.24.50"192.168.15.109:8080 0.027 0.033
59.110.156.126 - - [28/Oct/2022:15:43:04 +0800] "POST /parkapi/receiveMessage/enter HTTP/1.0" 200 43 "-" "okhttp/3.8.1" "47.93.24.50"192.168.15.109:8080 0.172 0.178
192.168.15.102 - - [28/Oct/2022:15:43:07 +0800] "POST /index.php/member/sendSmsCode HTTP/1.0" 200 68 "https://servicewechat.com/wx401c2bdff33aa0cf/12/page-frame.html" "Mozilla/5.0 (Linux; Android 10; SEA-AL10 Build/HUAWEISEA-AL10; wv) AppleWebKit/537.36 (KHTML, like Gecko) Version/4.0 Chrome/86.0.4240.99 XWEB/4317 MMWEBSDK/20220903 Mobile Safari/537.36 MMWEBID/9323 MicroMessenger/8.0.28.2240(0x28001C57) WeChat/arm64 Weixin NetType/4G Language/zh_CN ABI/arm64 MiniProgramEnv/android" "124.64.18.220, 59.110.156.126"192.168.15.107:8014 0.102 0.102
